// Jest Snapshot v1, https://goo.gl/fbAQLP

exports[`components/Intro matches snapshot 1`] = `
<ForwardRef(Bootstrap(Container))>
  <ForwardRef(Bootstrap(Row))>
    <ForwardRef(Bootstrap(Col))>
      <ForwardRef(Bootstrap(Jumbotron))>
        <h1>
          This is the Cogniflector
        </h1>
        <p>
          This application will ask you a short series of questions to you and your team.
        </p>
      </ForwardRef(Bootstrap(Jumbotron))>
    </ForwardRef(Bootstrap(Col))>
  </ForwardRef(Bootstrap(Row))>
  <ForwardRef(Bootstrap(Row))>
    <ForwardRef(Bootstrap(Col))
      xs={12}
    >
      <p>
        This application will take you through the steps to evaluate your own cognitive reflection. The process is simple:
      </p>
      <ol>
        <li>
          Answer a series of multiple choice questions individually.
        </li>
        <li>
          Answer a series of multiple choice questions in groups of 3 or more.
        </li>
        <li>
          The scores from step 
          <b>
            1
          </b>
           and 
          <b>
            2
          </b>
           are compared.
        </li>
      </ol>
    </ForwardRef(Bootstrap(Col))>
  </ForwardRef(Bootstrap(Row))>
  <ForwardRef(Bootstrap(Row))>
    <ForwardRef(Bootstrap(Col))
      lg={
        Object {
          "offset": 5,
          "span": 2,
        }
      }
      md={
        Object {
          "offset": 4,
          "span": 4,
        }
      }
      xs={
        Object {
          "offset": 3,
          "span": 6,
        }
      }
    >
      <p>
        <ForwardRef(Bootstrap(InputGroup))>
          <ForwardRef(Bootstrap(InputGroupPrepend))>
            <ForwardRef(Bootstrap(InputGroupText))>
              #
            </ForwardRef(Bootstrap(InputGroupText))>
          </ForwardRef(Bootstrap(InputGroupPrepend))>
          <ForwardRef(ContextTransform)
            placeholder="team code"
            type="text"
            value="foo"
          />
        </ForwardRef(Bootstrap(InputGroup))>
      </p>
    </ForwardRef(Bootstrap(Col))>
  </ForwardRef(Bootstrap(Row))>
  <ForwardRef(Bootstrap(Row))>
    <ForwardRef(Bootstrap(Col))
      lg={
        Object {
          "offset": 5,
          "span": 2,
        }
      }
      md={
        Object {
          "offset": 4,
          "span": 4,
        }
      }
      xs={
        Object {
          "offset": 3,
          "span": 6,
        }
      }
    >
      <p
        className="centered"
      >
        <LinkContainer
          activeClassName="active"
          exact={false}
          replace={false}
          strict={false}
          to="/question/1"
        >
          <ForwardRef(Bootstrap(Button))
            variant="success"
          >
            Let's get started!
          </ForwardRef(Bootstrap(Button))>
        </LinkContainer>
      </p>
    </ForwardRef(Bootstrap(Col))>
  </ForwardRef(Bootstrap(Row))>
</ForwardRef(Bootstrap(Container))>
`;
