// Jest Snapshot v1, https://goo.gl/fbAQLP

exports[`component/StartOver matches snapshot 1`] = `
<ForwardRef
  noGutters={false}
>
  <ForwardRef
    xs={12}
  >
    <p>
      <withRouter(LinkContainer)
        to="/"
      >
        <ForwardRef
          active={false}
          disabled={false}
          variant="warning"
        >
          Start Over
        </ForwardRef>
      </withRouter(LinkContainer)>
    </p>
  </ForwardRef>
</ForwardRef>
`;
