// Jest Snapshot v1, https://goo.gl/fbAQLP

exports[`component/StartOver matches snapshot 1`] = `
<ForwardRef(Bootstrap(Row))>
  <ForwardRef(Bootstrap(Col))
    xs={12}
  >
    <p>
      <withRouter(LinkContainer)
        to="/"
      >
        <ForwardRef(Bootstrap(Button))
          variant="warning"
        >
          Start Over
        </ForwardRef(Bootstrap(Button))>
      </withRouter(LinkContainer)>
    </p>
  </ForwardRef(Bootstrap(Col))>
</ForwardRef(Bootstrap(Row))>
`;
