// Jest Snapshot v1, https://goo.gl/fbAQLP

exports[`components/Summary matches snapshot 1`] = `
<ForwardRef
  fluid={false}
>
  <ForwardRef
    noGutters={false}
  >
    <ForwardRef>
      <ForwardRef
        fluid={false}
      >
        <h1>
          Quiz Summary
        </h1>
        <p>
          Research has demonstrated that people perform better as teams for these types of tasks. Typical results are 15% accuracy for individuals, and 100% accuracy for groups. How did you fare?
        </p>
      </ForwardRef>
    </ForwardRef>
  </ForwardRef>
  <ForwardRef
    noGutters={false}
  >
    <ScoreBlock
      correct={2}
      total={6}
      type="Individually"
    />
    <ScoreBlock
      correct={4}
      total={6}
      type="Collaboratively"
    />
  </ForwardRef>
  <UNDEFINED />
  <ForwardRef
    noGutters={false}
  >
    <ForwardRef
      xs={12}
    >
      <h2>
        References
      </h2>
      <ul>
        <li>
          <a
            href="http://journal.sjdm.org/15/151029/jdm151029.html"
          >
            Investigating an alternate form of the cognitive reflection test
          </a>
           (
          <a
            href="http://journal.sjdm.org/vol11.1.html"
          >
            Judgment and Decision Making, Vol. 11, No. 1
          </a>
          )
        </li>
        <li>
          <a
            href="https://en.wikipedia.org/wiki/Cognitive_reflection_test"
          >
            Cognitive Reflection Test
          </a>
           (Wikipedia)
        </li>
      </ul>
    </ForwardRef>
  </ForwardRef>
</ForwardRef>
`;
