// Jest Snapshot v1, https://goo.gl/fbAQLP

exports[`components/Summary matches snapshot 1`] = `
<ForwardRef(Bootstrap(Container))>
  <ForwardRef(Bootstrap(Row))>
    <ForwardRef(Bootstrap(Col))>
      <ForwardRef(Bootstrap(Jumbotron))>
        <h1>
          Quiz Summary
        </h1>
        <p>
          Research has demonstrated that people perform better as teams for these types of tasks. Typical results are 15% accuracy for individuals, and 100% accuracy for groups. How did you fare?
        </p>
      </ForwardRef(Bootstrap(Jumbotron))>
    </ForwardRef(Bootstrap(Col))>
  </ForwardRef(Bootstrap(Row))>
  <ForwardRef(Bootstrap(Row))>
    <ScoreBlock
      correct={2}
      total={6}
      type="Individually"
    />
    <ScoreBlock
      correct={4}
      total={6}
      type="Collaboratively"
    />
  </ForwardRef(Bootstrap(Row))>
  <Connect(StartOver) />
  <ForwardRef(Bootstrap(Row))>
    <ForwardRef(Bootstrap(Col))
      xs={12}
    >
      <h2>
        References
      </h2>
      <ul>
        <li>
          <a
            href="http://journal.sjdm.org/15/151029/jdm151029.html"
          >
            Investigating an alternate form of the cognitive reflection test
          </a>
           (
          <a
            href="http://journal.sjdm.org/vol11.1.html"
          >
            Judgment and Decision Making, Vol. 11, No. 1
          </a>
          )
        </li>
        <li>
          <a
            href="https://en.wikipedia.org/wiki/Cognitive_reflection_test"
          >
            Cognitive Reflection Test
          </a>
           (Wikipedia)
        </li>
      </ul>
    </ForwardRef(Bootstrap(Col))>
  </ForwardRef(Bootstrap(Row))>
</ForwardRef(Bootstrap(Container))>
`;
